Configuration on demand is an incubating feature.

> Configure project :tsdxxivek
WARNING: The option setting 'android.usesSdkInManifest.disallowed=false' is deprecated.
The current default is 'true'.
It will be removed in version 10.0 of the Android Gradle plugin.
Add android.sync.suppressAgpWarnings=UNSUPPORTED_PROJECT_OPTION_USE to the gradle.properties file to suppress this warning.
WARNING: The option setting 'android.sdk.defaultTargetSdkToCompileSdkIfUnset=false' is deprecated.
The current default is 'true'.
It will be removed in version 10.0 of the Android Gradle plugin.
Add android.sync.suppressAgpWarnings=UNSUPPORTED_PROJECT_OPTION_USE to the gradle.properties file to suppress this warning.
WARNING: The option setting 'android.enableAppCompileTimeRClass=false' is deprecated.
The current default is 'true'.
It will be removed in version 10.0 of the Android Gradle plugin.
Add android.sync.suppressAgpWarnings=UNSUPPORTED_PROJECT_OPTION_USE to the gradle.properties file to suppress this warning.
WARNING: The option setting 'android.builtInKotlin=false' is deprecated.
The current default is 'true'.
It will be removed in version 10.0 of the Android Gradle plugin.
Add android.sync.suppressAgpWarnings=UNSUPPORTED_PROJECT_OPTION_USE to the gradle.properties file to suppress this warning.
WARNING: The option setting 'android.newDsl=false' is deprecated.
The current default is 'true'.
It will be removed in version 10.0 of the Android Gradle plugin.
Add android.sync.suppressAgpWarnings=UNSUPPORTED_PROJECT_OPTION_USE to the gradle.properties file to suppress this warning.
WARNING: The option setting 'android.r8.optimizedResourceShrinking=false' is deprecated.
The current default is 'true'.
It will be removed in version 10.0 of the Android Gradle plugin.
Add android.sync.suppressAgpWarnings=UNSUPPORTED_PROJECT_OPTION_USE to the gradle.properties file to suppress this warning.
WARNING: The option setting 'android.defaults.buildfeatures.resvalues=true' is deprecated.
The current default is 'false'.
It will be removed in version 10.0 of the Android Gradle plugin.
Add android.sync.suppressAgpWarnings=UNSUPPORTED_PROJECT_OPTION_USE to the gradle.properties file to suppress this warning.
WARNING: API 'applicationVariants' is obsolete and has been replaced with 'AndroidComponentsExtension'.
It will be removed in version 10.0 of the Android Gradle plugin.
The legacy variant API is disabled by default in AGP 9.0, but can be re-enabled by adding 
    android.newDsl=false
to this project's gradle.properties file.
For more information, see http://developer.android.com/build/r/new-dsl.

To determine what is calling applicationVariants, use -Pandroid.debug.obsoleteApi=true on the command line to display more information.
Add android.sync.suppressAgpWarnings=DEPRECATED_DSL to the gradle.properties file to suppress this warning.
WARNING: API 'testVariants' is obsolete and has been replaced with 'AndroidComponentsExtension'.
It will be removed in version 10.0 of the Android Gradle plugin.
The legacy variant API is disabled by default in AGP 9.0, but can be re-enabled by adding 
    android.newDsl=false
to this project's gradle.properties file.
For more information, see http://developer.android.com/build/r/new-dsl.

To determine what is calling testVariants, use -Pandroid.debug.obsoleteApi=true on the command line to display more information.
Add android.sync.suppressAgpWarnings=DEPRECATED_DSL to the gradle.properties file to suppress this warning.
WARNING: API 'unitTestVariants' is obsolete and has been replaced with 'AndroidComponentsExtension'.
It will be removed in version 10.0 of the Android Gradle plugin.
The legacy variant API is disabled by default in AGP 9.0, but can be re-enabled by adding 
    android.newDsl=false
to this project's gradle.properties file.
For more information, see http://developer.android.com/build/r/new-dsl.

To determine what is calling unitTestVariants, use -Pandroid.debug.obsoleteApi=true on the command line to display more information.
Add android.sync.suppressAgpWarnings=DEPRECATED_DSL to the gradle.properties file to suppress this warning.
WARNING: The property android.dependency.excludeLibraryComponentsFromConstraints improves project import performance for very large projects. It should be enabled to improve performance.
To suppress this warning, add android.generateSyncIssueWhenLibraryConstraintsAreEnabled=false to gradle.properties
Add android.sync.suppressAgpWarnings=LIBRARY_CONSTRAINTS_SHOULD_BE_DISABLED to the gradle.properties file to suppress this warning.
WARNING: The property android.dependency.excludeLibraryComponentsFromConstraints improves project import performance for very large projects. It should be enabled to improve performance.
To suppress this warning, add android.generateSyncIssueWhenLibraryConstraintsAreEnabled=false to gradle.properties
Add android.sync.suppressAgpWarnings=LIBRARY_CONSTRAINTS_SHOULD_BE_DISABLED to the gradle.properties file to suppress this warning.
WARNING: The property android.dependency.excludeLibraryComponentsFromConstraints improves project import performance for very large projects. It should be enabled to improve performance.
To suppress this warning, add android.generateSyncIssueWhenLibraryConstraintsAreEnabled=false to gradle.properties
Add android.sync.suppressAgpWarnings=LIBRARY_CONSTRAINTS_SHOULD_BE_DISABLED to the gradle.properties file to suppress this warning.
WARNING: The property android.dependency.excludeLibraryComponentsFromConstraints improves project import performance for very large projects. It should be enabled to improve performance.
To suppress this warning, add android.generateSyncIssueWhenLibraryConstraintsAreEnabled=false to gradle.properties
Add android.sync.suppressAgpWarnings=LIBRARY_CONSTRAINTS_SHOULD_BE_DISABLED to the gradle.properties file to suppress this warning.

> Task :tsdxxivek:preBuild UP-TO-DATE
> Task :tsdxxivek:preDebugBuild UP-TO-DATE
> Task :tsdxxivek:mergeDebugNativeDebugMetadata NO-SOURCE
> Task :tsdxxivek:checkKotlinGradlePluginConfigurationErrors SKIPPED
> Task :tsdxxivek:dataBindingMergeDependencyArtifactsDebug UP-TO-DATE
> Task :tsdxxivek:generateDebugResValues UP-TO-DATE
> Task :tsdxxivek:generateDebugResources UP-TO-DATE
> Task :tsdxxivek:mergeDebugResources UP-TO-DATE
> Task :tsdxxivek:packageDebugResources UP-TO-DATE
> Task :tsdxxivek:processDebugNavigationResources UP-TO-DATE
> Task :tsdxxivek:parseDebugLocalResources UP-TO-DATE
> Task :tsdxxivek:dataBindingGenBaseClassesDebug UP-TO-DATE
> Task :tsdxxivek:checkDebugAarMetadata UP-TO-DATE
> Task :tsdxxivek:mapDebugSourceSetPaths UP-TO-DATE
> Task :tsdxxivek:compileDebugNavigationResources UP-TO-DATE
> Task :tsdxxivek:createDebugCompatibleScreenManifests UP-TO-DATE
> Task :tsdxxivek:extractDeepLinksDebug UP-TO-DATE
> Task :tsdxxivek:processDebugMainManifest UP-TO-DATE
> Task :tsdxxivek:processDebugManifest UP-TO-DATE
> Task :tsdxxivek:processDebugManifestForPackage UP-TO-DATE
> Task :tsdxxivek:processDebugResources UP-TO-DATE
> Task :tsdxxivek:javaPreCompileDebug UP-TO-DATE
> Task :tsdxxivek:generateDebugAssets UP-TO-DATE
> Task :tsdxxivek:mergeDebugAssets UP-TO-DATE
> Task :tsdxxivek:compressDebugAssets UP-TO-DATE
> Task :tsdxxivek:generateDebugGlobalSynthetics UP-TO-DATE
> Task :tsdxxivek:checkDebugDuplicateClasses UP-TO-DATE
> Task :tsdxxivek:desugarDebugFileDependencies UP-TO-DATE
> Task :tsdxxivek:mergeExtDexDebug UP-TO-DATE
> Task :tsdxxivek:mergeLibDexDebug UP-TO-DATE
> Task :tsdxxivek:mergeDebugJniLibFolders UP-TO-DATE
> Task :tsdxxivek:mergeDebugNativeLibs UP-TO-DATE
> Task :tsdxxivek:stripDebugDebugSymbols UP-TO-DATE
> Task :tsdxxivek:validateSigningDebug UP-TO-DATE
> Task :tsdxxivek:writeDebugAppMetadata UP-TO-DATE
> Task :tsdxxivek:writeDebugSigningConfigVersions UP-TO-DATE

> Task :tsdxxivek:kspDebugKotlin FAILED
e: [ksp] java.lang.IllegalStateException: unexpected jvm signature V

[Incubating] Problems report is available at: file:///J:/Android/TSDXXIVEK/build/reports/problems/problems-report.html

Deprecated Gradle features were used in this build, making it incompatible with Gradle 10.

You can use '--warning-mode all' to show the individual deprecation warnings and determine if they come from your own scripts or plugins.

For more on this, please refer to https://docs.gradle.org/9.6.0/userguide/command_line_interface.html#sec:command_line_warnings in the Gradle documentation.
32 actionable tasks: 1 executed, 31 up-to-date
